../Core/Src/main.c:192:5:main	8	static
../Core/Src/main.c:326:6:SystemClock_Config	88	static
../Core/Src/main.c:368:13:MX_I2C1_Init	8	static
../Core/Src/main.c:402:13:MX_TIM1_Init	96	static
../Core/Src/main.c:476:13:MX_TIM2_Init	56	static
../Core/Src/main.c:525:13:MX_TIM3_Init	56	static
../Core/Src/main.c:574:13:MX_TIM4_Init	32	static
../Core/Src/main.c:622:13:MX_TIM8_Init	96	static
../Core/Src/main.c:700:13:MX_USART3_UART_Init	8	static
../Core/Src/main.c:733:13:MX_GPIO_Init	56	static
../Core/Src/main.c:797:6:HAL_UART_RxCpltCallback	16	static
../Core/Src/main.c:807:6:HAL_GPIO_EXTI_Callback	16	static
../Core/Src/main.c:817:6:delay	16	static
../Core/Src/main.c:823:6:HAL_TIM_IC_CaptureCallback	16	static
../Core/Src/main.c:858:6:HCSR04_Read	8	static
../Core/Src/main.c:866:6:buzzerBeep	8	static
../Core/Src/main.c:874:6:moveCarStraight	16	static
../Core/Src/main.c:889:6:moveCarStop	8	static
../Core/Src/main.c:896:6:moveCarRight	16	static
../Core/Src/main.c:905:6:moveCarLeft	16	static
../Core/Src/main.c:914:6:moveCarSlideRight	24	static
../Core/Src/main.c:936:6:moveCarSlideLeft	24	static
../Core/Src/main.c:958:6:moveCarRight90	24	static
../Core/Src/main.c:980:6:moveCarLeft90	24	static
../Core/Src/main.c:1003:5:PID_Control	16	static
../Core/Src/main.c:1044:5:PID_Angle	32	static
../Core/Src/main.c:1085:5:finishCheck	8	static
../Core/Src/main.c:1100:6:readByte	24	static
../Core/Src/main.c:1106:6:writeByte	24	static
../Core/Src/main.c:1112:6:gyroInit	8	static
../Core/Src/main.c:1141:6:StartDefaultTask	40	static
../Core/Src/main.c:1174:6:StartMotorTask	32	static
../Core/Src/main.c:1296:6:StartOledTask	184	static
../Core/Src/main.c:1353:6:StartRpiTask	32	static
../Core/Src/main.c:1504:6:StartGyroTask	56	static
../Core/Src/main.c:1557:6:StartBulleyesTask	24	static
../Core/Src/main.c:1660:6:StartEncoderRightTask	32	static
../Core/Src/main.c:1704:6:StartEncoderLeftTask	32	static
../Core/Src/main.c:1749:6:Error_Handler	4	static,ignoring_inline_asm
